// Jest Snapshot v1, https://goo.gl/fbAQLP

exports[`Button.jsx testing should match the snapshot 1`] = `
<div
  className="btn btn-outline-primary"
  data-testId="button"
  onClick={[Function]}
>
  Button
</div>
`;
